2026-03-10 07:35:09,006 - WARNING - 551228 | Domácnost: SSH012390 | HH: SSH012390 | Skóre: 50 | Rodiče ID: ['SA295889', 'SA292844'] (Věk: [72, 79]) | Děti ID: ['SA293925'] (Věk: [21])
2026-03-10 07:35:09,009 - WARNING - 551228 | Domácnost: SSH012392 | HH: SSH012392 | Skóre: 50 | Rodiče ID: ['SA292826', 'SA291065'] (Věk: [72, 80]) | Děti ID: ['SA291254'] (Věk: [21])
2026-03-10 07:35:09,020 - WARNING - 551228 | Domácnost: SSH012440 | HH: SSH012440 | Skóre: 50 | Rodiče ID: ['SA292534', 'SA291338'] (Věk: [72, 77]) | Děti ID: ['SA293059'] (Věk: [21])
2026-03-10 07:35:09,030 - WARNING - 551228 | Domácnost: SSH012470 | HH: SSH012470 | Skóre: 50 | Rodiče ID: ['SA294880', 'SA293641'] (Věk: [76, 87]) | Děti ID: ['SA290947'] (Věk: [25])
2026-03-10 07:35:09,035 - WARNING - 551228 | Domácnost: SSH012490 | HH: SSH012490 | Skóre: 150 | Rodiče ID: ['SA294777', 'SA291222'] (Věk: [72, 72]) | Děti ID: ['SA296772'] (Věk: [19])
2026-03-10 07:35:09,043 - WARNING - 551228 | Domácnost: SSH012519 | HH: SSH012519 | Skóre: 100 | Rodiče ID: ['SA291984', 'SA296731'] (Věk: [76, 86]) | Děti ID: ['SA293317'] (Věk: [24])
2026-03-10 07:35:09,044 - WARNING - 551228 | Domácnost: SSH012522 | HH: SSH012522 | Skóre: 150 | Rodiče ID: ['SA295952', 'SA296593'] (Věk: [77, 76]) | Děti ID: ['SA293416'] (Věk: [23])
2026-03-10 07:35:09,045 - WARNING - 551228 | Domácnost: SSH012529 | HH: SSH012529 | Skóre: 150 | Rodiče ID: ['SA297753', 'SA298046'] (Věk: [76, 81]) | Děti ID: ['SA292388'] (Věk: [23])
2026-03-10 07:35:09,046 - WARNING - 551228 | Domácnost: SSH012530 | HH: SSH012530 | Skóre: 150 | Rodiče ID: ['SA295970', 'SA298441'] (Věk: [76, 82]) | Děti ID: ['SA296611'] (Věk: [23])
2026-03-10 07:35:09,047 - WARNING - 551228 | Domácnost: SSH012531 | HH: SSH012531 | Skóre: 150 | Rodiče ID: ['SA294726', 'SA297391'] (Věk: [76, 81]) | Děti ID: ['SA296179'] (Věk: [23])
2026-03-10 07:35:09,047 - WARNING - 551228 | Domácnost: SSH012533 | HH: SSH012533 | Skóre: 150 | Rodiče ID: ['SA295007', 'SA292003'] (Věk: [76, 77]) | Děti ID: ['SA291163'] (Věk: [23])
2026-03-10 07:35:09,048 - WARNING - 551228 | Domácnost: SSH012535 | HH: SSH012535 | Skóre: 100 | Rodiče ID: ['SA293241', 'SA292153'] (Věk: [72, 78]) | Děti ID: ['SA291088'] (Věk: [20])
2026-03-10 07:35:09,049 - WARNING - 551228 | Domácnost: SSH012539 | HH: SSH012539 | Skóre: 150 | Rodiče ID: ['SA290701', 'SA296525'] (Věk: [76, 81]) | Děti ID: ['SA293935'] (Věk: [23])
2026-03-10 07:35:09,050 - WARNING - 551228 | Domácnost: SSH012543 | HH: SSH012543 | Skóre: 50 | Rodiče ID: ['SA291159', 'SA291446'] (Věk: [75, 85]) | Děti ID: ['SA291009'] (Věk: [24])
2026-03-10 07:35:09,051 - WARNING - 551228 | Domácnost: SSH012549 | HH: SSH012549 | Skóre: 50 | Rodiče ID: ['SA291708', 'SA294869'] (Věk: [74, 85]) | Děti ID: ['SA292709'] (Věk: [23])
2026-03-10 07:35:09,052 - WARNING - 551228 | Domácnost: SSH012551 | HH: SSH012551 | Skóre: 50 | Rodiče ID: ['SA291584', 'SA297123'] (Věk: [72, 76]) | Děti ID: ['SA295407'] (Věk: [21])
2026-03-10 07:35:09,052 - WARNING - 551228 | Domácnost: SSH012553 | HH: SSH012553 | Skóre: 50 | Rodiče ID: ['SA293069', 'SA292005'] (Věk: [77, 74]) | Děti ID: ['SA291931'] (Věk: [23])
2026-03-10 07:35:09,053 - WARNING - 551228 | Domácnost: SSH012554 | HH: SSH012554 | Skóre: 100 | Rodiče ID: ['SA293899', 'SA292513'] (Věk: [75, 78]) | Děti ID: ['SA295147'] (Věk: [23])
2026-03-10 07:35:09,054 - WARNING - 551228 | Domácnost: SSH012555 | HH: SSH012555 | Skóre: 50 | Rodiče ID: ['SA291166', 'SA296819'] (Věk: [73, 70]) | Děti ID: ['SA295694'] (Věk: [19])
2026-03-10 07:35:09,054 - WARNING - 551228 | Domácnost: SSH012557 | HH: SSH012557 | Skóre: 100 | Rodiče ID: ['SA294112', 'SA298040'] (Věk: [75, 80]) | Děti ID: ['SA293183'] (Věk: [23])
2026-03-10 08:02:17,464 - WARNING - 551376 | Domácnost: SSH016985 | HH: SSH016985 | Skóre: 50 | Rodiče ID: ['SA395245', 'SA395696'] (Věk: [87, 75]) | Děti ID: ['SA394259'] (Věk: [24])
2026-03-10 08:02:17,485 - WARNING - 551376 | Domácnost: SSH017050 | HH: SSH017050 | Skóre: 50 | Rodiče ID: ['SA394900', 'SA395016'] (Věk: [70, 77]) | Děti ID: ['SA393974'] (Věk: [19])
2026-03-10 08:29:19,326 - WARNING - 551058 | Sourozenci ID: ['SA171067', 'SA189198'] | Věky: [50, 3] | Skóre: 5000
2026-03-10 08:31:44,528 - WARNING - 551058 | Domácnost: SSH024872 | HH: SSH024872 | Skóre: 600 | Rodiče ID: ['SA192398', 'SA190198'] (Věk: [56, 49]) | Děti ID: ['SA171067', 'SA189198'] (Věk: [50, 3])
2026-03-10 08:34:22,030 - WARNING - 551074 | Sourozenci ID: ['SA206867', 'SA203533'] | Věky: [64, 8] | Skóre: 5000
2026-03-10 08:34:35,318 - WARNING - 551074 | Domácnost: SSH026816 | HH: SSH026816 | Skóre: 1050 | Rodiče ID: ['SA207953', 'SA203101'] (Věk: [64, 67]) | Děti ID: ['SA206867', 'SA203533'] (Věk: [64, 8])
2026-03-10 08:44:55,722 - WARNING - 551171 | Sourozenci ID: ['SA264813', 'SA261183'] | Věky: [5, 57] | Skóre: 5000
2026-03-10 08:45:08,810 - WARNING - 551171 | Domácnost: SSH029559 | HH: SSH029559 | Skóre: 850 | Rodiče ID: ['SA260246', 'SA263123'] (Věk: [57, 55]) | Děti ID: ['SA264813', 'SA261183'] (Věk: [5, 57])
2026-03-10 09:50:18,979 - WARNING - 551007 | Sourozenci ID: ['SA096678', 'SA112987', 'SA110230'] | Věky: [61, 62, 0] | Skóre: 5000
2026-03-10 09:54:29,778 - WARNING - 551007 | Domácnost: SSH038599 | HH: SSH038599 | Skóre: 1350 | Rodiče ID: ['SA116100', 'SA096882'] (Věk: [51, 52]) | Děti ID: ['SA096678', 'SA112987', 'SA110230'] (Věk: [61, 62, 0])
2026-03-10 10:16:06,490 - WARNING - 551031 | Sourozenci ID: ['SA124983', 'SA133980', 'SA158083'] | Věky: [74, 48, 5] | Skóre: 5000
2026-03-10 10:21:55,877 - WARNING - 551031 | Domácnost: SSH039592 | HH: SSH039592 | Skóre: 1700 | Rodiče ID: ['SA168280', 'SA143999'] (Věk: [74, 74]) | Děti ID: ['SA124983', 'SA133980', 'SA158083'] (Věk: [74, 48, 5])
2026-03-10 10:37:25,801 - WARNING - 551091 | Sourozenci ID: ['SA229939', 'SA226766', 'SA227807'] | Věky: [68, 2, 21] | Skóre: 5000
2026-03-10 10:38:27,913 - WARNING - 551091 | Domácnost: SSH041059 | HH: SSH041059 | Skóre: 1550 | Rodiče ID: ['SA225103', 'SA231125'] (Věk: [70, 73]) | Děti ID: ['SA229939', 'SA226766', 'SA227807'] (Věk: [68, 2, 21])
2026-03-10 10:40:40,840 - WARNING - 551112 | Sourozenci ID: ['SA242406', 'SA243037', 'SA247304'] | Věky: [49, 63, 17] | Skóre: 5000
2026-03-10 10:41:13,028 - WARNING - 551112 | Domácnost: SSH041191 | HH: SSH041191 | Skóre: 550 | Rodiče ID: ['SA241584', 'SA240536'] (Věk: [68, 43]) | Děti ID: ['SA242406', 'SA243037', 'SA247304'] (Věk: [49, 63, 17])
2026-03-10 10:44:28,862 - WARNING - 551171 | Sourozenci ID: ['SA263654', 'SA261376'] | Věky: [5, 44] | Skóre: 5000
2026-03-10 10:44:41,404 - WARNING - 551171 | Domácnost: SSH041618 | HH: SSH041618 | Skóre: 200 | Rodiče ID: ['SA262114', 'SA264481'] (Věk: [59, 57]) | Děti ID: ['SA263654', 'SA261376'] (Věk: [5, 44])
2026-03-10 10:53:58,738 - WARNING - 551228 | Sourozenci ID: ['SA295060', 'SA294889', 'SA291593'] | Věky: [67, 2, 56] | Skóre: 5000
2026-03-10 10:55:08,105 - WARNING - 551228 | Domácnost: SSH042277 | HH: SSH042277 | Skóre: 1500 | Rodiče ID: ['SA291977', 'SA292027'] (Věk: [74, 77]) | Děti ID: ['SA295060', 'SA294889', 'SA291593'] (Věk: [67, 2, 56])
2026-03-10 11:04:39,380 - WARNING - 551279 | Sourozenci ID: ['SA338139', 'SA337940', 'SA332514'] | Věky: [7, 2, 55] | Skóre: 5000
2026-03-10 11:06:30,022 - WARNING - 551279 | Domácnost: SSH042856 | HH: SSH042856 | Skóre: 900 | Rodiče ID: ['SA329042', 'SA329934'] (Věk: [54, 51]) | Děti ID: ['SA338139', 'SA337940', 'SA332514'] (Věk: [7, 2, 55])
2026-03-10 11:06:30,150 - WARNING - 551279 | Domácnost: SSH042968 | HH: SSH042968 | Skóre: 100 | Rodiče ID: ['SA336565', 'SA330706'] (Věk: [80, 81]) | Děti ID: ['SA334170', 'SA335689', 'SA330890'] (Věk: [68, 64, 67])
2026-03-10 11:16:52,127 - WARNING - 551287 | Sourozenci ID: ['SA338776', 'SA341918', 'SA364583'] | Věky: [68, 5, 23] | Skóre: 5000
2026-03-10 11:17:48,640 - WARNING - 551287 | Domácnost: SSH043398 | HH: SSH043398 | Skóre: 1400 | Rodiče ID: ['SA364108', 'SA345528'] (Věk: [73, 73]) | Děti ID: ['SA338776', 'SA341918', 'SA364583'] (Věk: [68, 5, 23])
2026-03-10 11:18:47,918 - WARNING - 551295 | Sourozenci ID: ['SA369815', 'SA374484', 'SA365915'] | Věky: [6, 3, 38] | Skóre: 5000
2026-03-10 11:20:39,331 - WARNING - 551368 | Sourozenci ID: ['SA388011', 'SA392111', 'SA388455'] | Věky: [62, 61, 4] | Skóre: 5000
2026-03-10 11:20:43,663 - WARNING - 551368 | Domácnost: SSH044137 | HH: SSH044137 | Skóre: 1150 | Rodiče ID: ['SA388649', 'SA391865'] (Věk: [65, 25]) | Děti ID: ['SA388011', 'SA392111', 'SA388455'] (Věk: [62, 61, 4])
2026-03-10 11:38:01,126 - WARNING - 551422 | Domácnost: SSH050089 | HH: SSH050089 | Skóre: 100 | Rodiče ID: ['SA397400', 'SA397526'] (Věk: [78, 74]) | Děti ID: ['SA397379'] (Věk: [22])
2026-03-10 12:29:35,204 - WARNING - 550973 | Domácnost: SSH050265 | HH: SSH050265 | Skóre: 100 | Rodiče ID: ['SA015560', 'SA022018'] (Věk: [68, 77]) | Děti ID: ['SA057692', 'SA035918'] (Věk: [64, 63])
2026-03-10 12:29:35,235 - WARNING - 550973 | Domácnost: SSH050280 | HH: SSH050280 | Skóre: 150 | Rodiče ID: ['SA049100', 'SA052476'] (Věk: [67, 46]) | Děti ID: ['SA027639', 'SA005482'] (Věk: [55, 51])
2026-03-10 12:29:35,246 - WARNING - 550973 | Domácnost: SSH050296 | HH: SSH050296 | Skóre: 600 | Rodiče ID: ['SA030509', 'SA050328'] (Věk: [64, 61]) | Děti ID: ['SA021413', 'SA055968'] (Věk: [59, 61])
2026-03-10 12:29:35,250 - WARNING - 550973 | Domácnost: SSH050323 | HH: SSH050323 | Skóre: 100 | Rodiče ID: ['SA014288', 'SA004812'] (Věk: [82, 25]) | Děti ID: ['SA028769', 'SA057410'] (Věk: [69, 69])
2026-03-10 12:29:35,273 - WARNING - 550973 | Domácnost: SSH050343 | HH: SSH050343 | Skóre: 100 | Rodiče ID: ['SA001463', 'SA036370'] (Věk: [69, 43]) | Děti ID: ['SA036373', 'SA003875'] (Věk: [56, 54])
2026-03-10 12:29:35,305 - WARNING - 550973 | Domácnost: SSH050426 | HH: SSH050426 | Skóre: 50 | Rodiče ID: ['SA032474', 'SA065052'] (Věk: [78, 42]) | Děti ID: ['SA000809', 'SA059296'] (Věk: [61, 64])
2026-03-10 12:29:35,313 - WARNING - 550973 | Domácnost: SSH050449 | HH: SSH050449 | Skóre: 50 | Rodiče ID: ['SA009507', 'SA056314'] (Věk: [73, 41]) | Děti ID: ['SA036097', 'SA026883'] (Věk: [57, 59])
2026-03-10 12:29:35,313 - WARNING - 550973 | Domácnost: SSH050461 | HH: SSH050461 | Skóre: 50 | Rodiče ID: ['SA048696', 'SA017314'] (Věk: [78, 52]) | Děti ID: ['SA052529', 'SA057999'] (Věk: [61, 64])
2026-03-10 12:29:35,381 - WARNING - 550973 | Domácnost: SSH050603 | HH: SSH050603 | Skóre: 50 | Rodiče ID: ['SA039094', 'SA054958'] (Věk: [65, 47]) | Děti ID: ['SA014059', 'SA062494'] (Věk: [51, 50])
2026-03-10 12:29:35,408 - WARNING - 550973 | Domácnost: SSH050702 | HH: SSH050702 | Skóre: 350 | Rodiče ID: ['SA033286', 'SA066886'] (Věk: [64, 64]) | Děti ID: ['SA034003', 'SA030720'] (Věk: [52, 56])
2026-03-10 12:29:35,431 - WARNING - 550973 | Domácnost: SSH050778 | HH: SSH050778 | Skóre: 500 | Rodiče ID: ['SA056636', 'SA048023'] (Věk: [51, 64]) | Děti ID: ['SA063093', 'SA070813'] (Věk: [55, 59])
2026-03-10 12:30:15,296 - WARNING - 550990 | Sourozenci ID: ['SA082506', 'SA075043'] | Věky: [4, 52] | Skóre: 5000
2026-03-10 12:36:38,482 - WARNING - 550990 | Domácnost: SSH051179 | HH: SSH051179 | Skóre: 50 | Rodiče ID: ['SA086661', 'SA091680'] (Věk: [68, 69]) | Děti ID: ['SA088293', 'SA082102'] (Věk: [55, 53])
2026-03-10 12:36:38,492 - WARNING - 550990 | Domácnost: SSH051215 | HH: SSH051215 | Skóre: 550 | Rodiče ID: ['SA086691', 'SA079283'] (Věk: [73, 30]) | Děti ID: ['SA084104', 'SA074486'] (Věk: [69, 63])
2026-03-10 12:36:38,494 - WARNING - 550990 | Domácnost: SSH051229 | HH: SSH051229 | Skóre: 650 | Rodiče ID: ['SA086094', 'SA075632'] (Věk: [54, 54]) | Děti ID: ['SA082506', 'SA075043'] (Věk: [4, 52])
2026-03-10 12:36:38,504 - WARNING - 550990 | Domácnost: SSH051267 | HH: SSH051267 | Skóre: 350 | Rodiče ID: ['SA080726', 'SA084737'] (Věk: [77, 25]) | Děti ID: ['SA070911', 'SA088205'] (Věk: [63, 69])
2026-03-10 12:36:38,511 - WARNING - 550990 | Domácnost: SSH051287 | HH: SSH051287 | Skóre: 50 | Rodiče ID: ['SA085965', 'SA087286'] (Věk: [61, 75]) | Děti ID: ['SA085449', 'SA071358'] (Věk: [59, 61])
2026-03-10 12:49:08,586 - WARNING - 551007 | Domácnost: SSH051523 | HH: SSH051523 | Skóre: 300 | Rodiče ID: ['SA099730', 'SA105048'] (Věk: [64, 25]) | Děti ID: ['SA107653', 'SA110014'] (Věk: [52, 55])
2026-03-10 12:49:08,611 - WARNING - 551007 | Domácnost: SSH051632 | HH: SSH051632 | Skóre: 100 | Rodiče ID: ['SA120968', 'SA110582'] (Věk: [69, 69]) | Děti ID: ['SA099244', 'SA100955'] (Věk: [55, 56])
2026-03-10 12:49:08,620 - WARNING - 551007 | Domácnost: SSH051665 | HH: SSH051665 | Skóre: 200 | Rodiče ID: ['SA095945', 'SA120684'] (Věk: [68, 65]) | Děti ID: ['SA114897', 'SA114769'] (Věk: [57, 53])
2026-03-10 12:49:08,623 - WARNING - 551007 | Domácnost: SSH051668 | HH: SSH051668 | Skóre: 50 | Rodiče ID: ['SA120047', 'SA095845'] (Věk: [66, 61]) | Děti ID: ['SA113521', 'SA097273'] (Věk: [52, 51])
2026-03-10 12:49:08,624 - WARNING - 551007 | Domácnost: SSH051671 | HH: SSH051671 | Skóre: 450 | Rodiče ID: ['SA093495', 'SA101797'] (Věk: [73, 34]) | Děti ID: ['SA108988', 'SA095275'] (Věk: [61, 67])
2026-03-10 12:49:08,624 - WARNING - 551007 | Domácnost: SSH051673 | HH: SSH051673 | Skóre: 100 | Rodiče ID: ['SA102474', 'SA102089'] (Věk: [74, 31]) | Děti ID: ['SA096683', 'SA095533'] (Věk: [61, 59])
2026-03-10 12:49:08,628 - WARNING - 551007 | Domácnost: SSH051692 | HH: SSH051692 | Skóre: 800 | Rodiče ID: ['SA112832', 'SA121386'] (Věk: [66, 38]) | Děti ID: ['SA109844', 'SA117222'] (Věk: [63, 67])
2026-03-10 12:49:08,656 - WARNING - 551007 | Domácnost: SSH051830 | HH: SSH051830 | Skóre: 100 | Rodiče ID: ['SA102293', 'SA092288'] (Věk: [60, 31]) | Děti ID: ['SA101610', 'SA102394'] (Věk: [43, 47])
2026-03-10 13:01:39,441 - WARNING - 551031 | Domácnost: SSH052073 | HH: SSH052073 | Skóre: 400 | Rodiče ID: ['SA165786', 'SA122771'] (Věk: [65, 73]) | Děti ID: ['SA168454', 'SA144331'] (Věk: [66, 64])
2026-03-10 13:01:39,458 - WARNING - 551031 | Domácnost: SSH052104 | HH: SSH052104 | Skóre: 350 | Rodiče ID: ['SA134930', 'SA164857'] (Věk: [65, 61]) | Děti ID: ['SA133437', 'SA136480'] (Věk: [53, 57])
2026-03-10 13:01:39,475 - WARNING - 551031 | Domácnost: SSH052143 | HH: SSH052143 | Skóre: 200 | Rodiče ID: ['SA128900', 'SA131791'] (Věk: [67, 33]) | Děti ID: ['SA139679', 'SA132994'] (Věk: [56, 54])
2026-03-10 13:01:39,480 - WARNING - 551031 | Domácnost: SSH052154 | HH: SSH052154 | Skóre: 50 | Rodiče ID: ['SA138961', 'SA137182'] (Věk: [76, 76]) | Děti ID: ['SA132653', 'SA140940'] (Věk: [60, 62])
2026-03-10 13:01:39,574 - WARNING - 551031 | Domácnost: SSH052364 | HH: SSH052364 | Skóre: 250 | Rodiče ID: ['SA137362', 'SA141446'] (Věk: [66, 34]) | Děti ID: ['SA158789', 'SA163099'] (Věk: [54, 56])
2026-03-10 13:01:39,587 - WARNING - 551031 | Domácnost: SSH052389 | HH: SSH052389 | Skóre: 350 | Rodiče ID: ['SA155081', 'SA133110'] (Věk: [73, 44]) | Děti ID: ['SA164905', 'SA131006'] (Věk: [65, 63])
2026-03-10 13:01:39,621 - WARNING - 551031 | Domácnost: SSH052449 | HH: SSH052449 | Skóre: 50 | Rodiče ID: ['SA155262', 'SA138158'] (Věk: [68, 62]) | Děti ID: ['SA124043', 'SA149133'] (Věk: [54, 53])
2026-03-10 13:01:39,641 - WARNING - 551031 | Domácnost: SSH052486 | HH: SSH052486 | Skóre: 1000 | Rodiče ID: ['SA157985', 'SA129871'] (Věk: [69, 46]) | Děti ID: ['SA141544', 'SA157795'] (Věk: [74, 66])
2026-03-10 13:01:39,650 - WARNING - 551031 | Domácnost: SSH052507 | HH: SSH052507 | Skóre: 450 | Rodiče ID: ['SA144358', 'SA154085'] (Věk: [64, 65]) | Děti ID: ['SA156381', 'SA152130'] (Věk: [59, 56])
2026-03-10 13:05:40,563 - WARNING - 551058 | Domácnost: SSH052829 | HH: SSH052829 | Skóre: 100 | Rodiče ID: ['SA177060', 'SA177442'] (Věk: [72, 29]) | Děti ID: ['SA193203', 'SA191625'] (Věk: [58, 59])
2026-03-10 13:05:40,582 - WARNING - 551058 | Domácnost: SSH052843 | HH: SSH052843 | Skóre: 350 | Rodiče ID: ['SA180814', 'SA187968'] (Věk: [65, 68]) | Děti ID: ['SA183013', 'SA182204'] (Věk: [59, 60])
2026-03-10 13:05:40,601 - WARNING - 551058 | Domácnost: SSH052868 | HH: SSH052868 | Skóre: 300 | Rodiče ID: ['SA182531', 'SA176012'] (Věk: [78, 35]) | Děti ID: ['SA189457', 'SA183479'] (Věk: [69, 68])
2026-03-10 13:05:40,622 - WARNING - 551058 | Domácnost: SSH052902 | HH: SSH052902 | Skóre: 50 | Rodiče ID: ['SA175775', 'SA179735'] (Věk: [64, 64]) | Děti ID: ['SA180739', 'SA183409'] (Věk: [48, 50])
2026-03-10 13:05:40,631 - WARNING - 551058 | Domácnost: SSH052938 | HH: SSH052938 | Skóre: 200 | Rodiče ID: ['SA170837', 'SA175372'] (Věk: [69, 66]) | Děti ID: ['SA186912', 'SA175173'] (Věk: [58, 54])
2026-03-10 13:08:30,152 - WARNING - 551066 | Domácnost: SSH053159 | HH: SSH053159 | Skóre: 50 | Rodiče ID: ['SA197529', 'SA200186'] (Věk: [71, 37]) | Děti ID: ['SA198680', 'SA194125'] (Věk: [57, 56])
2026-03-10 13:08:30,152 - WARNING - 551066 | Domácnost: SSH053171 | HH: SSH053171 | Skóre: 300 | Rodiče ID: ['SA200288', 'SA196050'] (Věk: [63, 35]) | Děti ID: ['SA193313', 'SA197439'] (Věk: [49, 54])
2026-03-10 13:08:30,186 - WARNING - 551066 | Domácnost: SSH053214 | HH: SSH053214 | Skóre: 50 | Rodiče ID: ['SA194993', 'SA195517'] (Věk: [65, 64]) | Děti ID: ['SA195319', 'SA196519'] (Věk: [49, 51])
2026-03-10 13:08:30,195 - WARNING - 551066 | Domácnost: SSH053215 | HH: SSH053215 | Skóre: 900 | Rodiče ID: ['SA193254', 'SA194335'] (Věk: [61, 54]) | Děti ID: ['SA195217', 'SA196642'] (Věk: [64, 60])
2026-03-10 13:08:30,213 - WARNING - 551066 | Domácnost: SSH053265 | HH: SSH053265 | Skóre: 50 | Rodiče ID: ['SA199688', 'SA195681'] (Věk: [63, 59]) | Děti ID: ['SA195165', 'SA194983'] (Věk: [49, 44])
2026-03-10 13:10:41,575 - WARNING - 551074 | Domácnost: SSH053343 | HH: SSH053343 | Skóre: 350 | Rodiče ID: ['SA204126', 'SA203802'] (Věk: [55, 69]) | Děti ID: ['SA210107', 'SA204047'] (Věk: [61, 58])
2026-03-10 13:10:41,583 - WARNING - 551074 | Domácnost: SSH053367 | HH: SSH053367 | Skóre: 150 | Rodiče ID: ['SA202051', 'SA201913'] (Věk: [68, 44]) | Děti ID: ['SA210322', 'SA201843'] (Věk: [56, 52])
2026-03-10 13:10:41,594 - WARNING - 551074 | Domácnost: SSH053397 | HH: SSH053397 | Skóre: 100 | Rodiče ID: ['SA201704', 'SA205820'] (Věk: [74, 33]) | Děti ID: ['SA204583', 'SA207917'] (Věk: [59, 61])
2026-03-10 13:12:47,010 - WARNING - 551082 | Domácnost: SSH053493 | HH: SSH053493 | Skóre: 200 | Rodiče ID: ['SA217230', 'SA220302'] (Věk: [30, 79]) | Děti ID: ['SA222476', 'SA216221'] (Věk: [65, 68])
2026-03-10 13:12:47,012 - WARNING - 551082 | Domácnost: SSH053496 | HH: SSH053496 | Skóre: 50 | Rodiče ID: ['SA224038', 'SA221194'] (Věk: [73, 56]) | Děti ID: ['SA216184', 'SA221275'] (Věk: [59, 55])
2026-03-10 13:15:15,431 - WARNING - 551091 | Domácnost: SSH053800 | HH: SSH053800 | Skóre: 250 | Rodiče ID: ['SA228836', 'SA231146'] (Věk: [77, 37]) | Děti ID: ['SA235819', 'SA237052'] (Věk: [66, 67])
2026-03-10 13:15:15,444 - WARNING - 551091 | Domácnost: SSH053846 | HH: SSH053846 | Skóre: 100 | Rodiče ID: ['SA226584', 'SA231841'] (Věk: [68, 70]) | Děti ID: ['SA233355', 'SA231961'] (Věk: [55, 57])
2026-03-10 13:15:15,449 - WARNING - 551091 | Domácnost: SSH053865 | HH: SSH053865 | Skóre: 150 | Rodiče ID: ['SA228763', 'SA236559'] (Věk: [74, 76]) | Děti ID: ['SA235118', 'SA229325'] (Věk: [64, 62])
2026-03-10 13:17:46,941 - WARNING - 551112 | Domácnost: SSH053955 | HH: SSH053955 | Skóre: 50 | Rodiče ID: ['SA248069', 'SA244250'] (Věk: [64, 37]) | Děti ID: ['SA240037', 'SA244206'] (Věk: [50, 49])
2026-03-10 13:17:46,945 - WARNING - 551112 | Domácnost: SSH053960 | HH: SSH053960 | Skóre: 50 | Rodiče ID: ['SA238829', 'SA245932'] (Věk: [59, 38]) | Děti ID: ['SA241017', 'SA247391'] (Věk: [41, 45])
2026-03-10 13:17:46,963 - WARNING - 551112 | Domácnost: SSH053998 | HH: SSH053998 | Skóre: 150 | Rodiče ID: ['SA245017', 'SA243655'] (Věk: [67, 51]) | Děti ID: ['SA242807', 'SA246995'] (Věk: [55, 52])
2026-03-10 13:17:46,976 - WARNING - 551112 | Domácnost: SSH054029 | HH: SSH054029 | Skóre: 250 | Rodiče ID: ['SA246901', 'SA240236'] (Věk: [71, 65]) | Děti ID: ['SA243268', 'SA241935'] (Věk: [61, 56])
2026-03-10 13:20:58,056 - WARNING - 551147 | Domácnost: SSH054143 | HH: SSH054143 | Skóre: 250 | Rodiče ID: ['SA253576', 'SA251148'] (Věk: [69, 76]) | Děti ID: ['SA259233', 'SA257148'] (Věk: [64, 66])
2026-03-10 13:20:58,077 - WARNING - 551147 | Domácnost: SSH054202 | HH: SSH054202 | Skóre: 250 | Rodiče ID: ['SA249071', 'SA248801'] (Věk: [77, 74]) | Děti ID: ['SA256097', 'SA252267'] (Věk: [63, 67])
2026-03-10 13:28:11,538 - WARNING - 551198 | Domácnost: SSH054416 | HH: SSH054416 | Skóre: 400 | Rodiče ID: ['SA284749', 'SA281274'] (Věk: [72, 76]) | Děti ID: ['SA268048', 'SA276914'] (Věk: [65, 69])
2026-03-10 13:28:11,548 - WARNING - 551198 | Domácnost: SSH054454 | HH: SSH054454 | Skóre: 50 | Rodiče ID: ['SA286081', 'SA265319'] (Věk: [70, 70]) | Děti ID: ['SA265628', 'SA273282'] (Věk: [52, 56])
2026-03-10 13:28:11,557 - WARNING - 551198 | Domácnost: SSH054477 | HH: SSH054477 | Skóre: 150 | Rodiče ID: ['SA265027', 'SA268317'] (Věk: [69, 34]) | Děti ID: ['SA270631', 'SA265015'] (Věk: [57, 56])
2026-03-10 13:28:11,572 - WARNING - 551198 | Domácnost: SSH054542 | HH: SSH054542 | Skóre: 150 | Rodiče ID: ['SA279724', 'SA272888'] (Věk: [69, 48]) | Děti ID: ['SA266203', 'SA281796'] (Věk: [56, 57])
2026-03-10 13:28:33,637 - WARNING - 551228 | Domácnost: SSH054869 | HH: SSH054869 | Skóre: 300 | Rodiče ID: ['SA291198', 'SA295227'] (Věk: [67, 74]) | Děti ID: ['SA298073', 'SA294428'] (Věk: [65, 63])
2026-03-10 13:29:06,352 - WARNING - 551236 | Domácnost: SSH054969 | HH: SSH054969 | Skóre: 200 | Rodiče ID: ['SA304175', 'SA299584'] (Věk: [60, 31]) | Děti ID: ['SA303519', 'SA303975'] (Věk: [48, 49])
2026-03-10 13:29:06,357 - WARNING - 551236 | Domácnost: SSH054989 | HH: SSH054989 | Skóre: 200 | Rodiče ID: ['SA302910', 'SA303266'] (Věk: [73, 58]) | Děti ID: ['SA303988', 'SA302985'] (Věk: [60, 62])
2026-03-10 13:29:06,361 - WARNING - 551236 | Domácnost: SSH055004 | HH: SSH055004 | Skóre: 400 | Rodiče ID: ['SA300311', 'SA304341'] (Věk: [63, 60]) | Děti ID: ['SA298663', 'SA300127'] (Věk: [50, 56])
2026-03-10 13:29:06,362 - WARNING - 551236 | Domácnost: SSH055008 | HH: SSH055008 | Skóre: 50 | Rodiče ID: ['SA299061', 'SA298702'] (Věk: [60, 29]) | Děti ID: ['SA300010', 'SA301853'] (Věk: [46, 43])
2026-03-10 13:29:06,370 - WARNING - 551236 | Domácnost: SSH055039 | HH: SSH055039 | Skóre: 300 | Rodiče ID: ['SA301195', 'SA299104'] (Věk: [65, 65]) | Děti ID: ['SA303569', 'SA300342'] (Věk: [56, 54])
2026-03-10 13:31:24,497 - WARNING - 551244 | Domácnost: SSH055097 | HH: SSH055097 | Skóre: 300 | Rodiče ID: ['SA310515', 'SA308032'] (Věk: [66, 67]) | Děti ID: ['SA310940', 'SA317294'] (Věk: [56, 58])
2026-03-10 13:31:24,507 - WARNING - 551244 | Domácnost: SSH055142 | HH: SSH055142 | Skóre: 350 | Rodiče ID: ['SA312919', 'SA307376'] (Věk: [71, 70]) | Děti ID: ['SA313034', 'SA311793'] (Věk: [59, 63])
2026-03-10 13:31:24,520 - WARNING - 551244 | Domácnost: SSH055208 | HH: SSH055208 | Skóre: 800 | Rodiče ID: ['SA318165', 'SA309143'] (Věk: [67, 63]) | Děti ID: ['SA310003', 'SA316698'] (Věk: [68, 67])
2026-03-10 13:32:33,891 - WARNING - 551252 | Domácnost: SSH055416 | HH: SSH055416 | Skóre: 1750 | Rodiče ID: ['SA322089', 'SA322589'] (Věk: [31, 33]) | Děti ID: ['SA322672', 'SA319959'] (Věk: [52, 53])
2026-03-10 13:32:33,892 - WARNING - 551252 | Domácnost: SSH055417 | HH: SSH055417 | Skóre: 1850 | Rodiče ID: ['SA323946', 'SA322869'] (Věk: [41, 23]) | Děti ID: ['SA323393', 'SA325744'] (Věk: [63, 55])
2026-03-10 13:32:33,892 - WARNING - 551252 | Domácnost: SSH055418 | HH: SSH055418 | Skóre: 950 | Rodiče ID: ['SA322923', 'SA324104'] (Věk: [47, 48]) | Děti ID: ['SA322459', 'SA325720'] (Věk: [52, 47])
2026-03-10 13:32:33,893 - WARNING - 551252 | Domácnost: SSH055419 | HH: SSH055419 | Skóre: 1700 | Rodiče ID: ['SA320763', 'SA321497'] (Věk: [41, 44]) | Děti ID: ['SA320051', 'SA322867'] (Věk: [58, 63])
2026-03-10 13:35:03,763 - WARNING - 551279 | Domácnost: SSH055594 | HH: SSH055594 | Skóre: 1850 | Rodiče ID: ['SA336204', 'SA336105'] (Věk: [29, 30]) | Děti ID: ['SA331546', 'SA333784'] (Věk: [51, 52])
2026-03-10 13:35:03,764 - WARNING - 551279 | Domácnost: SSH055595 | HH: SSH055595 | Skóre: 2300 | Rodiče ID: ['SA337965', 'SA335904'] (Věk: [36, 36]) | Děti ID: ['SA336660', 'SA333772'] (Věk: [66, 67])
2026-03-10 13:35:03,765 - WARNING - 551279 | Domácnost: SSH055596 | HH: SSH055596 | Skóre: 1600 | Rodiče ID: ['SA332839', 'SA333430'] (Věk: [46, 47]) | Děti ID: ['SA326781', 'SA336173'] (Věk: [64, 60])
2026-03-10 13:35:03,766 - WARNING - 551279 | Domácnost: SSH055597 | HH: SSH055597 | Skóre: 900 | Rodiče ID: ['SA330695', 'SA330278'] (Věk: [46, 46]) | Děti ID: ['SA333221', 'SA337552'] (Věk: [45, 49])
2026-03-10 13:35:03,766 - WARNING - 551279 | Domácnost: SSH055598 | HH: SSH055598 | Skóre: 1450 | Rodiče ID: ['SA326332', 'SA328247'] (Věk: [38, 42]) | Děti ID: ['SA337681', 'SA337374'] (Věk: [54, 56])
2026-03-10 13:35:03,767 - WARNING - 551279 | Domácnost: SSH055599 | HH: SSH055599 | Skóre: 1650 | Rodiče ID: ['SA331108', 'SA329018'] (Věk: [33, 27]) | Děti ID: ['SA330271'] (Věk: [51])
2026-03-10 13:35:03,769 - WARNING - 551279 | Domácnost: SSH055600 | HH: SSH055600 | Skóre: 800 | Rodiče ID: ['SA332154', 'SA334309'] (Věk: [56, 25]) | Děti ID: ['SA337689', 'SA328789'] (Věk: [57, 56])
2026-03-10 13:47:37,100 - WARNING - 551287 | Domácnost: SSH055673 | HH: SSH055673 | Skóre: 50 | Rodiče ID: ['SA342040', 'SA363886'] (Věk: [73, 69]) | Děti ID: ['SA364008', 'SA362478'] (Věk: [59, 56])
2026-03-10 13:47:37,110 - WARNING - 551287 | Domácnost: SSH055695 | HH: SSH055695 | Skóre: 150 | Rodiče ID: ['SA361606', 'SA359384'] (Věk: [66, 30]) | Děti ID: ['SA362035', 'SA360680'] (Věk: [54, 53])
2026-03-10 13:47:37,119 - WARNING - 551287 | Domácnost: SSH055722 | HH: SSH055722 | Skóre: 50 | Rodiče ID: ['SA344669', 'SA348139'] (Věk: [73, 67]) | Děti ID: ['SA342963', 'SA342909'] (Věk: [59, 56])
2026-03-10 13:47:37,135 - WARNING - 551287 | Domácnost: SSH055778 | HH: SSH055778 | Skóre: 150 | Rodiče ID: ['SA363014', 'SA348721'] (Věk: [68, 28]) | Děti ID: ['SA340935', 'SA364663'] (Věk: [56, 54])
2026-03-10 13:47:37,154 - WARNING - 551287 | Domácnost: SSH055854 | HH: SSH055854 | Skóre: 300 | Rodiče ID: ['SA340587', 'SA338712'] (Věk: [72, 73]) | Děti ID: ['SA353848', 'SA356391'] (Věk: [62, 64])
2026-03-10 13:47:37,163 - WARNING - 551287 | Domácnost: SSH055885 | HH: SSH055885 | Skóre: 50 | Rodiče ID: ['SA343104', 'SA350276'] (Věk: [66, 63]) | Děti ID: ['SA341060', 'SA356685'] (Věk: [52, 50])
2026-03-10 13:47:37,164 - WARNING - 551287 | Domácnost: SSH055888 | HH: SSH055888 | Skóre: 150 | Rodiče ID: ['SA342742', 'SA341583'] (Věk: [69, 41]) | Děti ID: ['SA349830', 'SA345177'] (Věk: [54, 57])
2026-03-10 13:47:37,166 - WARNING - 551287 | Domácnost: SSH055897 | HH: SSH055897 | Skóre: 150 | Rodiče ID: ['SA361248', 'SA349483'] (Věk: [68, 68]) | Děti ID: ['SA345843', 'SA347049'] (Věk: [56, 52])
2026-03-10 13:47:37,168 - WARNING - 551287 | Domácnost: SSH055904 | HH: SSH055904 | Skóre: 1150 | Rodiče ID: ['SA349632', 'SA341519'] (Věk: [61, 59]) | Děti ID: ['SA359074', 'SA352407'] (Věk: [65, 69])
2026-03-10 13:47:37,179 - WARNING - 551287 | Domácnost: SSH055960 | HH: SSH055960 | Skóre: 100 | Rodiče ID: ['SA352533', 'SA354727'] (Věk: [63, 46]) | Děti ID: ['SA346649', 'SA350888'] (Věk: [49, 50])
2026-03-10 13:50:25,740 - WARNING - 551295 | Domácnost: SSH056135 | HH: SSH056135 | Skóre: 150 | Rodiče ID: ['SA373847', 'SA365565'] (Věk: [75, 71]) | Děti ID: ['SA368332', 'SA367273'] (Věk: [63, 61])
2026-03-10 13:50:25,758 - WARNING - 551295 | Domácnost: SSH056152 | HH: SSH056152 | Skóre: 100 | Rodiče ID: ['SA368024', 'SA370212'] (Věk: [67, 32]) | Děti ID: ['SA374580', 'SA367465'] (Věk: [50, 54])
2026-03-10 13:50:25,764 - WARNING - 551295 | Domácnost: SSH056162 | HH: SSH056162 | Skóre: 250 | Rodiče ID: ['SA367549', 'SA371124'] (Věk: [66, 49]) | Děti ID: ['SA365117', 'SA371366'] (Věk: [54, 56])
2026-03-10 13:51:14,984 - WARNING - 551309 | Domácnost: SSH056371 | HH: SSH056371 | Skóre: 100 | Rodiče ID: ['SA376181', 'SA379694'] (Věk: [74, 34]) | Děti ID: ['SA381345', 'SA377226'] (Věk: [57, 61])
2026-03-10 13:51:14,994 - WARNING - 551309 | Domácnost: SSH056401 | HH: SSH056401 | Skóre: 50 | Rodiče ID: ['SA379141', 'SA376116'] (Věk: [68, 28]) | Děti ID: ['SA376440', 'SA377254'] (Věk: [53, 54])
2026-03-10 13:51:41,816 - WARNING - 551317 | Domácnost: SSH056453 | HH: SSH056453 | Skóre: 150 | Rodiče ID: ['SA384328', 'SA383707'] (Věk: [70, 44]) | Děti ID: ['SA383845', 'SA384619'] (Věk: [58, 50])
2026-03-10 13:52:20,334 - WARNING - 551368 | Sourozenci ID: ['SA391096', 'SA389102'] | Věky: [64, 4] | Skóre: 5000
2026-03-10 13:53:08,242 - WARNING - 551368 | Domácnost: SSH056592 | HH: SSH056592 | Skóre: 1250 | Rodiče ID: ['SA390599', 'SA393232'] (Věk: [54, 54]) | Děti ID: ['SA391096', 'SA389102'] (Věk: [64, 4])
2026-03-10 13:53:08,244 - WARNING - 551368 | Domácnost: SSH056600 | HH: SSH056600 | Skóre: 50 | Rodiče ID: ['SA388315', 'SA393766'] (Věk: [58, 62]) | Děti ID: ['SA391717', 'SA388762'] (Věk: [48, 46])
2026-03-10 13:53:08,249 - WARNING - 551368 | Domácnost: SSH056631 | HH: SSH056631 | Skóre: 850 | Rodiče ID: ['SA390105', 'SA391868'] (Věk: [62, 43]) | Děti ID: ['SA393129', 'SA389434'] (Věk: [58, 64])
2026-03-10 13:53:08,250 - WARNING - 551368 | Domácnost: SSH056637 | HH: SSH056637 | Skóre: 50 | Rodiče ID: ['SA388812', 'SA391119'] (Věk: [70, 48]) | Děti ID: ['SA388633', 'SA392169'] (Věk: [54, 56])
2026-03-10 13:53:20,769 - WARNING - 551376 | Domácnost: SSH056700 | HH: SSH056700 | Skóre: 250 | Rodiče ID: ['SA394854', 'SA395486'] (Věk: [66, 64]) | Děti ID: ['SA393908', 'SA395242'] (Věk: [50, 56])
2026-03-10 13:53:20,773 - WARNING - 551376 | Domácnost: SSH056706 | HH: SSH056706 | Skóre: 50 | Rodiče ID: ['SA395238', 'SA393953'] (Věk: [63, 34]) | Děti ID: ['SA394142', 'SA394635'] (Věk: [49, 44])
2026-03-10 13:54:49,706 - WARNING - 550973 | Sourozenci ID: ['SA006863', 'SA063142', 'SA033926'] | Věky: [62, 18, 68] | Skóre: 5000
2026-03-10 13:54:57,327 - WARNING - 550973 | Domácnost: SSH056898 | HH: SSH056898 | Skóre: 750 | Rodiče ID: ['SA011359', 'SA049981'] (Věk: [68, 61]) | Děti ID: ['SA006863', 'SA063142', 'SA033926'] (Věk: [62, 18, 68])
2026-03-10 13:55:11,564 - WARNING - 550990 | Domácnost: SSH057223 | HH: SSH057223 | Skóre: 50 | Rodiče ID: ['SA079201', 'SA079784'] (Věk: [76, 42]) | Děti ID: ['SA072294', 'SA077661', 'SA091548'] (Věk: [62, 61, 56])
2026-03-10 13:56:14,451 - WARNING - 551031 | Sourozenci ID: ['SA147682', 'SA135685', 'SA125043'] | Věky: [8, 49, 9] | Skóre: 5000
2026-03-10 13:58:03,531 - WARNING - 551031 | Domácnost: SSH057625 | HH: SSH057625 | Skóre: 2650 | Rodiče ID: ['SA162758', 'SA142058'] (Věk: [30, 31]) | Děti ID: ['SA166934', 'SA135735', 'SA140255'] (Věk: [69, 67, 62])
2026-03-10 13:58:03,532 - WARNING - 551031 | Domácnost: SSH057626 | HH: SSH057626 | Skóre: 1800 | Rodiče ID: ['SA124329', 'SA130237'] (Věk: [37, 40]) | Děti ID: ['SA141052', 'SA147626', 'SA136475'] (Věk: [61, 58, 58])
2026-03-10 13:58:03,533 - WARNING - 551031 | Domácnost: SSH057627 | HH: SSH057627 | Skóre: 700 | Rodiče ID: ['SA134553', 'SA148239'] (Věk: [47, 50]) | Děti ID: ['SA147682', 'SA135685', 'SA125043'] (Věk: [8, 49, 9])
2026-03-10 13:58:23,914 - WARNING - 551058 | Domácnost: SSH057807 | HH: SSH057807 | Skóre: 550 | Rodiče ID: ['SA188360', 'SA181612'] (Věk: [68, 61]) | Děti ID: ['SA192729', 'SA174877', 'SA179950'] (Věk: [64, 64, 57])
2026-03-10 13:58:34,621 - WARNING - 551066 | Domácnost: SSH057874 | HH: SSH057874 | Skóre: 250 | Rodiče ID: ['SA200025', 'SA193279'] (Věk: [65, 53]) | Děti ID: ['SA200250', 'SA194961', 'SA194251'] (Věk: [55, 48, 54])
2026-03-10 13:58:44,557 - WARNING - 551074 | Domácnost: SSH057928 | HH: SSH057928 | Skóre: 600 | Rodiče ID: ['SA203127', 'SA203730'] (Věk: [62, 59]) | Děti ID: ['SA206831', 'SA203567', 'SA210326'] (Věk: [59, 50, 49])
2026-03-10 13:59:09,167 - WARNING - 551082 | Domácnost: SSH058005 | HH: SSH058005 | Skóre: 50 | Rodiče ID: ['SA218073', 'SA218730'] (Věk: [70, 34]) | Děti ID: ['SA222763', 'SA222311', 'SA219652'] (Věk: [54, 53, 56])
2026-03-10 13:59:17,632 - WARNING - 551091 | Sourozenci ID: ['SA234637', 'SA235992', 'SA230218'] | Věky: [58, 56, 9] | Skóre: 5000
2026-03-10 13:59:30,231 - WARNING - 551091 | Domácnost: SSH058087 | HH: SSH058087 | Skóre: 700 | Rodiče ID: ['SA231127', 'SA227424'] (Věk: [70, 68]) | Děti ID: ['SA234637', 'SA235992', 'SA230218'] (Věk: [58, 56, 9])
2026-03-10 13:59:44,879 - WARNING - 551112 | Domácnost: SSH058185 | HH: SSH058185 | Skóre: 300 | Rodiče ID: ['SA246773', 'SA244267'] (Věk: [62, 64]) | Děti ID: ['SA240431', 'SA241553', 'SA245696'] (Věk: [55, 52, 46])
2026-03-10 14:00:49,819 - WARNING - 551198 | Domácnost: SSH058388 | HH: SSH058388 | Skóre: 200 | Rodiče ID: ['SA276450', 'SA266719'] (Věk: [75, 33]) | Děti ID: ['SA282783', 'SA266249', 'SA265656'] (Věk: [64, 61, 57])
2026-03-10 14:01:09,734 - WARNING - 551252 | Sourozenci ID: ['SA320616', 'SA325270', 'SA320133'] | Věky: [0, 53, 7] | Skóre: 5000
2026-03-10 14:01:13,636 - WARNING - 551252 | Domácnost: SSH058661 | HH: SSH058661 | Skóre: 900 | Rodiče ID: ['SA319928', 'SA322575'] (Věk: [56, 35]) | Děti ID: ['SA320616', 'SA325270', 'SA320133'] (Věk: [0, 53, 7])
2026-03-10 14:01:49,836 - WARNING - 551279 | Domácnost: SSH058704 | HH: SSH058704 | Skóre: 300 | Rodiče ID: ['SA332591', 'SA328788'] (Věk: [63, 66]) | Děti ID: ['SA332222', 'SA337325', 'SA332909'] (Věk: [55, 57, 53])
2026-03-10 14:01:49,854 - WARNING - 551279 | Domácnost: SSH058730 | HH: SSH058730 | Skóre: 550 | Rodiče ID: ['SA331278', 'SA330638'] (Věk: [68, 43]) | Děti ID: ['SA332032', 'SA335608', 'SA335427'] (Věk: [53, 64, 49])
2026-03-10 14:02:43,234 - WARNING - 551287 | Domácnost: SSH058816 | HH: SSH058816 | Skóre: 200 | Rodiče ID: ['SA342427', 'SA347310'] (Věk: [69, 58]) | Děti ID: ['SA353817', 'SA347863', 'SA346819'] (Věk: [53, 58, 55])
2026-03-10 14:03:05,564 - WARNING - 551295 | Domácnost: SSH058953 | HH: SSH058953 | Skóre: 450 | Rodiče ID: ['SA365739', 'SA369088'] (Věk: [63, 59]) | Děti ID: ['SA368083', 'SA371595', 'SA369892'] (Věk: [57, 52, 45])
2026-03-10 14:03:11,116 - WARNING - 551309 | Domácnost: SSH059033 | HH: SSH059033 | Skóre: 250 | Rodiče ID: ['SA378824', 'SA378920'] (Věk: [65, 64]) | Děti ID: ['SA380564', 'SA377267', 'SA377364'] (Věk: [55, 49, 53])
2026-03-10 14:03:13,308 - WARNING - 551317 | Sourozenci ID: ['SA383139', 'SA384826', 'SA384233'] | Věky: [17, 0, 47] | Skóre: 5000
2026-03-10 14:03:13,587 - WARNING - 551317 | Domácnost: SSH059068 | HH: SSH059068 | Skóre: 600 | Rodiče ID: ['SA383604', 'SA382867'] (Věk: [54, 32]) | Děti ID: ['SA383139', 'SA384826', 'SA384233'] (Věk: [17, 0, 47])
2026-03-10 14:03:23,519 - WARNING - 551368 | Domácnost: SSH059115 | HH: SSH059115 | Skóre: 50 | Rodiče ID: ['SA387974', 'SA391040'] (Věk: [65, 34]) | Děti ID: ['SA392333', 'SA393266', 'SA392836'] (Věk: [51, 49, 40])
2026-03-10 14:15:27,392 - WARNING - 550990 | Sourozenci ID: ['SA091422', 'SA071236'] | Věky: [1, 41] | Skóre: 5000
2026-03-10 14:16:32,529 - WARNING - 550990 | Domácnost: SSH073575 | HH: SSH073575 | Skóre: 250 | Rodiče ID: ['SA075680'] (Věk: [51]) | Děti ID: ['SA091422', 'SA071236'] (Věk: [1, 41])
2026-03-10 14:22:40,192 - WARNING - 551309 | Sourozenci ID: ['SA381096', 'SA378298'] | Věky: [1, 64] | Skóre: 5000
2026-03-10 14:22:58,210 - WARNING - 551309 | Domácnost: SSH081622 | HH: SSH081622 | Skóre: 1400 | Rodiče ID: ['SA381450'] (Věk: [71]) | Děti ID: ['SA381096', 'SA378298'] (Věk: [1, 64])
2026-03-10 14:23:04,701 - WARNING - 551317 | Sourozenci ID: ['SA383883', 'SA382648'] | Věky: [0, 56] | Skóre: 5000
2026-03-10 14:23:06,413 - WARNING - 551317 | Domácnost: SSH081803 | HH: SSH081803 | Skóre: 1050 | Rodiče ID: ['SA382895'] (Věk: [70]) | Děti ID: ['SA383883', 'SA382648'] (Věk: [0, 56])
2026-03-10 14:24:07,853 - WARNING - 550973 | Sourozenci ID: ['SA001123', 'SA034343', 'SA003681'] | Věky: [63, 0, 61] | Skóre: 5000
2026-03-10 14:24:22,611 - WARNING - 550973 | Domácnost: SSH082319 | HH: SSH082319 | Skóre: 1400 | Rodiče ID: ['SA016732'] (Věk: [69]) | Děti ID: ['SA001123', 'SA034343', 'SA003681'] (Věk: [63, 0, 61])
2026-03-10 14:25:47,198 - WARNING - 551244 | Sourozenci ID: ['SA307262', 'SA305907', 'SA311844'] | Věky: [52, 20, 56] | Skóre: 5000
2026-03-10 14:25:55,419 - WARNING - 551244 | Domácnost: SSH084421 | HH: SSH084421 | Skóre: 1250 | Rodiče ID: ['SA318289'] (Věk: [95]) | Děti ID: ['SA307262', 'SA305907', 'SA311844'] (Věk: [52, 20, 56])
2026-03-10 14:25:58,354 - WARNING - 551252 | Domácnost: SSH084520 | HH: SSH084520 | Skóre: 100 | Rodiče ID: ['SA321394'] (Věk: [78]) | Děti ID: ['SA325739', 'SA324065', 'SA321096'] (Věk: [28, 30, 26])
2026-03-10 14:26:13,259 - WARNING - 551295 | Sourozenci ID: ['SA373098', 'SA375158'] | Věky: [42, 1] | Skóre: 5000
2026-03-10 14:26:14,134 - WARNING - 551295 | Domácnost: SSH084896 | HH: SSH084896 | Skóre: 2100 | Rodiče ID: ['SA371144'] (Věk: [93]) | Děti ID: ['SA373098', 'SA375158'] (Věk: [42, 1])
